Microchip MPLAB XC8 Compiler V2.32

Linker command line:

-W-3 --edf=C:\Program Files\Microchip\xc8\v2.32\pic\dat\en_msgs.txt -cn \
  -h+dist/default/production\Nightlight_g2.X.production.sym \
  --cmf=dist/default/production\Nightlight_g2.X.production.cmf -z -Q10F322 \
  -oC:\Users\SEBAST~1\AppData\Local\Temp\xcAspd8.4 --defsym=__MPLAB_BUILD=1 \
  -Mdist/default/production/Nightlight_g2.X.production.map -E1 \
  -ver=XC8 Compiler --acfsm=1493 -ASTACK=040h-07Dh -pstack=STACK \
  -ACODE=00h-01FFh -ASTRCODE=00h-01FFh -ASTRING=00h-0FFhx2 \
  -ACONST=00h-0FFhx2 -AENTRY=00h-0FFhx2 -ABANK0=040h-07Dh -ARAM=040h-07Dh \
  -AABS1=040h-07Fh -ACOMMON=07Eh-07Fh -ASFR0=00h-03Fh \
  -ACONFIG=02007h-02007h -DCONFIG=2 -AIDLOC=02000h-02003h -DIDLOC=2 \
  -DCODE=2 -DSTRCODE=2 -DSTRING=2 -DCONST=2 -DENTRY=2 \
  -preset_vec=00h,intentry,init,end_init -ppowerup=CODE -pcinit=CODE \
  -pfunctab=ENTRY -k C:\Users\SEBAST~1\AppData\Local\Temp\xcAspd8.o \
  dist/default/production\Nightlight_g2.X.production.o 

Object code version is 3.11

Machine type is 10F322



                Name                               Link     Load   Length Selector   Space Scale
C:\Users\SEBAST~1\AppData\Local\Temp\xcAspd8.o
                end_init                              0        0        1        0       0
dist/default/production\Nightlight_g2.X.production.o
                cinit                               1FE      1FE        2      3FC       0
                maintext                            1FD      1FD        1      3FA       0

TOTAL           Name                               Link     Load   Length     Space
        CLASS   STACK          

        CLASS   CODE           
                end_init                              0        0        1         0
                cinit                               1FE      1FE        2         0
                maintext                            1FD      1FD        1         0

        CLASS   STRCODE        

        CLASS   STRING         

        CLASS   CONST          

        CLASS   ENTRY          

        CLASS   BANK0          

        CLASS   RAM            

        CLASS   ABS1           
                abs_s1                               7E       7E        2         1

        CLASS   COMMON         

        CLASS   SFR0           

        CLASS   CONFIG         

        CLASS   IDLOC          

        CLASS   EEDATA         



SEGMENTS        Name                           Load    Length   Top    Selector   Space  Class     Delta

                reset_vec                      000000  000001  000001         0       0  CODE        2
                maintext                       0001FD  000001  0001FE       3FA       0  CODE        2
                cinit                          0001FE  000002  000200       3FC       0  CODE        2


UNUSED ADDRESS RANGES

        Name                Unused          Largest block    Delta
        BANK0            040-07D            3E           1
        CODE             001-1FC           1FC           2
        CONFIG           2007-2007             1           2
        CONST            001-1FC            FF           2
        ENTRY            001-1FC            FF           2
        IDLOC            2000-2003             4           2
        RAM              040-07D            3E           1
        SFR0             000-03F            40           1
        STACK            040-07D            3E           1
        STRCODE          001-1FC           1FC           2
        STRING           001-1FC            FF           2

                                  Symbol Table

__Habs1                  abs1         000
__Hbank0                 bank0        000
__Hcinit                 cinit        200
__Hclrtext               clrtext      000
__Hcode                  code         000
__Hcommon                common       000
__HcstackBANK0           cstackBANK0  000
__HcstackCOMMON          cstackCOMMON 000
__Heeprom_data           eeprom_data  000
__Hend_init              end_init     001
__Hfunctab               functab      000
__Hinit                  init         000
__Hintentry              intentry     000
__Hmaintext              maintext     000
__Hpowerup               powerup      000
__Hram                   ram          000
__Hreset_vec             reset_vec    000
__Hsfr0                  sfr0         000
__Hspace_0               (abs)        200
__Hspace_1               (abs)        000
__Hspace_2               (abs)        000
__Hspace_3               (abs)        000
__Hstack                 stack        000
__Hstrings               strings      000
__Htext                  text         000
__Labs1                  abs1         000
__Lbank0                 bank0        000
__Lcinit                 cinit        1FE
__Lclrtext               clrtext      000
__Lcode                  code         000
__Lcommon                common       000
__LcstackBANK0           cstackBANK0  000
__LcstackCOMMON          cstackCOMMON 000
__Leeprom_data           eeprom_data  000
__Lend_init              end_init     000
__Lfunctab               functab      000
__Linit                  init         000
__Lintentry              intentry     000
__Lmaintext              maintext     000
__Lpowerup               powerup      000
__Lram                   ram          000
__Lreset_vec             reset_vec    000
__Lsfr0                  sfr0         000
__Lspace_0               (abs)        000
__Lspace_1               (abs)        000
__Lspace_2               (abs)        000
__Lspace_3               (abs)        000
__Lstack                 stack        000
__Lstrings               strings      000
__Ltext                  text         000
__S0                     (abs)        200
__S1                     (abs)        000
__S2                     (abs)        000
___int_sp                stack        000
___latbits               (abs)        000
___sp                    stack        000
___stackhi               (abs)        000
___stacklo               (abs)        000
__end_of__initialization cinit        1FE
__end_of_main            maintext     1FE
__initialization         cinit        1FE
__pcstackBANK0           cstackBANK0  000
__pcstackCOMMON          cstackCOMMON 000
__pmaintext              maintext     1FD
__size_of_main           (abs)        000
_main                    maintext     1FD
btemp                    (abs)        07E
end_of_initialization    cinit        1FE
intlevel0                functab      000
intlevel1                functab      000
intlevel2                functab      000
intlevel3                functab      000
intlevel4                functab      000
intlevel5                functab      000
reset_vec                reset_vec    000
start                    init         000
start_initialization     cinit        1FE
wtemp0                   (abs)        07E


MODULE INFORMATION

Module		Function		Class		Link	Load	Size
shared
		__initialization		CODE           	01FE	0000	1

shared estimated size: 1

main.c
		_main          		CODE           	01FD	0000	1

main.c estimated size: 1

